GAMS 36.2.0  r433180e Released Sep  3, 2021 WEX-WEI x86 64bit/MS Windows - 10/14/21 22:10:12 Page 1
G e n e r a l   A l g e b r a i c   M o d e l i n g   S y s t e m
C o m p i l a t i o n


   1  Variables
   2           x1      x1
   3           x2      x2
   4           x3      x3
   5           f       Objective Function;
   6   
   7  Equations
   8           e1      Objective Function definition
   9           e2      Constraint 1
  10           e3      Constraint 2;
  11   
  12  e1..     f =e= 3*x1 - 4*x2 + 53*x3;
  13  e2..     pi*x1 - x2 + 20*x3 =g= 43;
  14  e3..     7*x1 + x2 - 7/pi - log(10) =e= 0;
  15   
  16  * Bounding the decision variables
  17  x1.lo = 0;
  18  x2.lo = 0;
  19  x3.lo = 0;
  20   
  21  Model q1_feasible /all/;
  22   
  23  * Specifying the LP Solver
  24  option LP = CPLEX;
  25   
  26  Solve q1_feasible using LP minimizing f;
  27   
  28  option decimals = 5;
  29   
  30  display x1.l, x2.l, x3.l, f.l;


COMPILATION TIME     =        0.000 SECONDS      2 MB  36.2.0 r433180e WEX-WEI
GAMS 36.2.0  r433180e Released Sep  3, 2021 WEX-WEI x86 64bit/MS Windows - 10/14/21 22:10:12 Page 2
G e n e r a l   A l g e b r a i c   M o d e l i n g   S y s t e m
Equation Listing    SOLVE q1_feasible Using LP From line 26


---- e1  =E=  Objective Function definition

e1..  - 3*x1 + 4*x2 - 53*x3 + f =E= 0 ; (LHS = 0)
     

---- e2  =G=  Constraint 1

e2..  3.14159265358979*x1 - x2 + 20*x3 =G= 43 ; (LHS = 0, INFES = 43 ****)
     

---- e3  =E=  Constraint 2

e3..  7*x1 + x2 =E= 4.53075429628058 ; (LHS = 0, INFES = 4.53075429628058 ****)
     
GAMS 36.2.0  r433180e Released Sep  3, 2021 WEX-WEI x86 64bit/MS Windows - 10/14/21 22:10:12 Page 3
G e n e r a l   A l g e b r a i c   M o d e l i n g   S y s t e m
Column Listing      SOLVE q1_feasible Using LP From line 26


---- x1  x1

x1
                (.LO, .L, .UP, .M = 0, 0, +INF, 0)
       -3       e1
        3.1416  e2
        7       e3


---- x2  x2

x2
                (.LO, .L, .UP, .M = 0, 0, +INF, 0)
        4       e1
       -1       e2
        1       e3


---- x3  x3

x3
                (.LO, .L, .UP, .M = 0, 0, +INF, 0)
      -53       e1
       20       e2


---- f  Objective Function

f
                (.LO, .L, .UP, .M = -INF, 0, +INF, 0)
        1       e1

GAMS 36.2.0  r433180e Released Sep  3, 2021 WEX-WEI x86 64bit/MS Windows - 10/14/21 22:10:12 Page 4
G e n e r a l   A l g e b r a i c   M o d e l i n g   S y s t e m
Model Statistics    SOLVE q1_feasible Using LP From line 26


MODEL STATISTICS

BLOCKS OF EQUATIONS           3     SINGLE EQUATIONS            3
BLOCKS OF VARIABLES           4     SINGLE VARIABLES            4
NON ZERO ELEMENTS             9


GENERATION TIME      =        0.063 SECONDS      3 MB  36.2.0 r433180e WEX-WEI
GAMS 36.2.0  r433180e Released Sep  3, 2021 WEX-WEI x86 64bit/MS Windows - 10/14/21 22:10:12 Page 5
G e n e r a l   A l g e b r a i c   M o d e l i n g   S y s t e m
Solution Report     SOLVE q1_feasible Using LP From line 26


               S O L V E      S U M M A R Y

     MODEL   q1_feasible         OBJECTIVE  f
     TYPE    LP                  DIRECTION  MINIMIZE
     SOLVER  CPLEX               FROM LINE  26

**** SOLVER STATUS     1 Normal Completion
**** MODEL STATUS      1 Optimal
**** OBJECTIVE VALUE              107.8335

 RESOURCE USAGE, LIMIT          0.015 10000000000.000
 ITERATION COUNT, LIMIT         0    2147483647
--- *** This solver runs with a demo license. No commercial use.
--- GMO setup time: 0.00s
--- GMO memory 0.50 Mb (peak 0.50 Mb)
--- Dictionary memory 0.00 Mb
--- Cplex 20.1.0.1 link memory 0.00 Mb (peak 0.00 Mb)
--- Starting Cplex


--- LP status (1): optimal.
--- Cplex Time: 0.00sec (det. 0.00 ticks)


Optimal solution found
Objective:          107.833482


                           LOWER          LEVEL          UPPER         MARGINAL

---- EQU e1                  .              .              .             1.0000      
---- EQU e2                43.0000        43.0000        +INF            2.6500      
---- EQU e3                 4.5308         4.5308         4.5308        -1.3500      

  e1  Objective Function definition
  e2  Constraint 1
  e3  Constraint 2

                           LOWER          LEVEL          UPPER         MARGINAL

---- VAR x1                  .              .            +INF            4.1248      
---- VAR x2                  .             4.5308        +INF             .          
---- VAR x3                  .             2.3765        +INF             .          
---- VAR f                 -INF          107.8335        +INF             .          

  x1  x1
  x2  x2
  x3  x3
  f  Objective Function


**** REPORT SUMMARY :        0     NONOPT
                             0 INFEASIBLE
                             0  UNBOUNDED
GAMS 36.2.0  r433180e Released Sep  3, 2021 WEX-WEI x86 64bit/MS Windows - 10/14/21 22:10:12 Page 6
G e n e r a l   A l g e b r a i c   M o d e l i n g   S y s t e m
E x e c u t i o n


----     30 VARIABLE x1.L                  =      0.00000  x1
            VARIABLE x2.L                  =      4.53075  x2
            VARIABLE x3.L                  =      2.37654  x3
            VARIABLE f.L                   =    107.83348  Objective Function


EXECUTION TIME       =        0.532 SECONDS      3 MB  36.2.0 r433180e WEX-WEI


USER: GAMS Demo license for Rohit Nandwani           G210913|0002CO-GEN
      Indian Institute Of Technology Guwahati, India           DL048134


**** FILE SUMMARY

Input      C:\Users\alpha\OneDrive - Indian Institute of Technology Guwahati\It's time to Clear THings UP\Semester 7\CL643 Computer Aided Applied Optimization\Assignment 4\q1_feasible\q1_feasible.gms
Output     C:\Users\alpha\OneDrive - Indian Institute of Technology Guwahati\It's time to Clear THings UP\Semester 7\CL643 Computer Aided Applied Optimization\Assignment 4\q1_feasible\q1_feasible.lst
